// Vitest Snapshot v1, https://vitest.dev/guide/snapshot.html

exports[`--context-file (animal test) 1`] = `
"command: cody chat chat --context-file animal.ts --show-context -m implement a
  cow. Only print the code without any explanation.
exitCode: 0
stdout: >+
  > Context items:


  > 1. WORKING_DIRECTORY/animal.ts




  Here's the implementation of a cow based on the provided \`StrangeAnimal\` interface:


  \`\`\`typescript:animal.ts

  class Cow implements StrangeAnimal {
      makesSound(): 'coo' | 'moo' {
          return 'moo';
      }
  }

  \`\`\`

stderr: ""
"
`;

exports[`--message (hello world test) 1`] = `
"command: cody chat chat -m respond with "hello" and nothing else
exitCode: 0
stdout: |+
  hello

stderr: ""
"
`;
