// Vitest Snapshot v1, https://vitest.dev/guide/snapshot.html

exports[`--context-file (animal test) 1`] = `
"command: cody chat chat --context-file animal.ts -m implement a cow. Only print
  the code without any explanation.
exitCode: 0
stdout: |+
  Here's a simple implementation of a cow in Python:

  \`\`\`python
  class Cow:
      def __init__(self, name):
          self.name = name
          self.milk = 0

      def moo(self):
          return f"{self.name} says: Moo!"

      def produce_milk(self, amount):
          self.milk += amount
          return f"{self.name} produced {amount} liters of milk."

      def get_milk(self):
          milk_produced = self.milk
          self.milk = 0
          return f"Collected {milk_produced} liters of milk from {self.name}."
  \`\`\`

stderr: ""
"
`;

exports[`--message (hello world test) 1`] = `
"command: cody chat chat -m respond with "hello" and nothing else
exitCode: 0
stdout: |+
  hello

stderr: ""
"
`;
