// Vitest Snapshot v1, https://vitest.dev/guide/snapshot.html

exports[`Autoedit > autoedit - completions > autocomplete/execute multiline (non-empty result) 1`] = `
[
  "    const len = arr.length;
    for (let i = 0; i < len - 1; i++) {
        for (let j = 0; j < len - 1 - i; j++) {
            if (arr[j] > arr[j + 1]) {
                const temp = arr[j];
                arr[j] = arr[j + 1];
                arr[j + 1] = temp;
            }
        }
    }
    return arr;",
]
`;
