// Vitest Snapshot v1, https://vitest.dev/guide/snapshot.html

exports[`Autocomplete > autocomplete/execute multiline (non-empty result) 1`] = `
[
  "for (let i = 0; i < arr.length; i++) {
        for (let j = 0; j < arr.length - i - 1; j++) {
            if (arr[j] > arr[j + 1]) {
                let temp = arr[j]
                arr[j] = arr[j + 1]
                arr[j + 1] = temp
            }
        }
    }
    return arr",
]
`;
