// Vitest Snapshot v1, https://vitest.dev/guide/snapshot.html

exports[`Document Code > commands/document (Kotlin class name) 1`] = `
"/**
 * Provides a greeting message.
 * @return A string containing the greeting message.
 */
class He/* CURSOR */llo {
    fun greeting(): String {
        return "Hello, world!"
    }
}
"
`;

exports[`Document Code > editCommands/document (basic function) 1`] = `
"/**
 * Calculates the sum of two numbers.
 *
 * @param a - The first number to add.
 * @param b - The second number to add.
 * @returns The sum of the two input numbers.
 */
export function sum(a: number, b: number): number {
    /* CURSOR */
}
"
`;
