// Vitest Snapshot v1, https://vitest.dev/guide/snapshot.html

exports[`Generate Unit Test > editCommands/test 1`] = `
"
import { trickyLogic } from './trickyLogic'

describe('trickyLogic', () => {
    it('should return 1 when a is 0', () => {
        const result = trickyLogic(0, 5)
        expect(result).toBe(1)
    })

    it('should return 1 when b is 2', () => {
        const result = trickyLogic(3, 2)
        expect(result).toBe(1)
    })

    it('should return a - b when a is not 0 and b is not 2', () => {
        const result = trickyLogic(5, 3)
        expect(result).toBe(2)
    })

    it('should handle negative numbers', () => {
        const result = trickyLogic(-2, -1)
        expect(result).toBe(-1)
    })
})
"
`;
