// Vitest Snapshot v1, https://vitest.dev/guide/snapshot.html

exports[`Agent > Chat > chat/restore (With null model) 1`] = `"I apologize for any confusion, but I don't have specific information about what model I am beyond what I've already shared. I'm Cody, an AI coding assistant created by Sourcegraph, but I don't have details about my underlying model architecture or version. My purpose is to assist with coding tasks, so I'd be happy to help with any programming or development questions you might have. Is there a particular coding topic or problem you'd like assistance with?"`;

exports[`Agent > Chat > chat/submitMessage (long message) 1`] = `
"Certainly! Here's a simple "Hello World" function in Java:

\`\`\`java:HelloWorld.java
public class HelloWorld {
    public static void main(String[] args) {
        sayHello();
    }

    public static void sayHello() {
        System.out.println("Hello, World!");
    }
}
\`\`\`

This code does the following:

1. We define a class called \`HelloWorld\`.
2. Inside the class, we have the \`main\` method, which is the entry point of any Java program.
3. We also define a \`sayHello\` method that prints "Hello, World!" to the console.
4. In the \`main\` method, we call the \`sayHello\` method.

To run this program:

1. Save the code in a file named \`HelloWorld.java\`.
2. Compile the code using the command: \`javac HelloWorld.java\`
3. Run the compiled program using: \`java HelloWorld\`

When you run this program, it will output:

\`\`\`
Hello, World!
\`\`\`

This is a basic example of a Java function that prints a greeting message. You can modify the \`sayHello\` method to print different messages or add more functionality as needed."
`;

exports[`Agent > Chat > chat/submitMessage (with mock context) 1`] = `
"Certainly! Here's a class \`Dog\` that implements the \`Animal\` interface:

\`\`\`typescript:src/dog.ts
import { Animal } from './animal';

export class Dog implements Animal {
    name: string;
    isMammal: boolean = true;

    constructor(name: string) {
        this.name = name;
    }

    makeAnimalSound(): string {
        return "Woof!";
    }
}
\`\`\`

This implementation satisfies all the requirements of the \`Animal\` interface defined in your workspace."
`;

exports[`Agent > Commands > commands/explain 1`] = `
"The code you've shared is a part of a TypeScript file called \`animal.ts\`. The purpose of this code is to define an interface named \`Animal\`. An interface in programming is a kind of blueprint that specifies what a certain object or data type should look like - meaning what properties and methods it should have.

Here's a breakdown of the code:

1. **Purpose of the code:** The purpose of this code is to define an interface named \`Animal\`. This interface will be used as a blueprint for other objects or classes that will represent various animals, ensuring they all have the same properties and methods.
2. **Inputs:** This piece of code does not take any inputs. It only defines an interface, which is a template that can be used for creating other objects, not an actual object with input values.
3. **Outputs:** This code doesn't directly produce an output, as it only serves as a type definition. However, once an object or a class is created based on this interface, the output will be an instance that adheres to the structure set by the \`Animal\` interface.
4. **Logic and algorithm:** The interface consists of three properties, each with their own types: \`name\` (as a string), \`makeAnimalSound\` (as a method that returns a string), and \`isMammal\` (as a boolean representing whether the animal is a mammal or not). Although not displayed in the provided code, classes or objects implementing this interface will have to provide actual implementations for the methods specified, such as how a specific animal makes its sound.
5. **Logic flows or data transformations:** The code does not perform complex logic or data transformations since it just outlines the structure the \`Animal\` interface should follow. It is up to the objects or classes that implement the \`Animal\` interface to include the necessary logic and algorithms for handling specific animal behavior data.

In short, this code defines an \`Animal\` interface in TypeScript, which can later be used as a template for creating objects or classes mirroring various animal types while ensuring a standard structure for animal representation in the codebase."
`;

exports[`Agent > Commands > commands/smell 1`] = `
"Based on the provided code, here are my suggestions for improvement:

1. Add type annotations to the methods' return types in the interface. This practice enhances readability and self-documentation, making it easier for developers to understand the expected output:
\`\`\`typescript
export interface Animal {
    name: string
    makeAnimalSound(): string // added type annotation
    isMammal: boolean
}
\`\`\`
1. Consider making the \`makeAnimalSound()\` method abstract to enforce implementation in derived classes. This provides a solid design pattern for inheritance, ensuring consistency among animal sounds:
\`\`\`typescript
export interface Animal {
    name: string
    isMammal: boolean
    abstract makeAnimalSound(): string
}
\`\`\`
1. Consider using \`readonly\` property for the \`name\` field, if applicable, for better immutability and avoiding unintended modifications of the animal's name:
\`\`\`typescript
export interface Animal {
    readonly name: string
    isMammal: boolean
    abstract makeAnimalSound(): string
}
\`\`\`
1. Document any assumptions or constraints related to the code. Consider adding a brief comment describing the intended use of the \`Animal\` interface, which can enhance collaboration among team members:
\`\`\`typescript
// This interface represents an animal with a name, a boolean mammal indicator,
// and an abstract method to produce a sound.
export interface Animal {
    // The name of the animal.
    readonly name: string
    isMammal: boolean
    abstract makeAnimalSound(): string
}
\`\`\`
1. In case this file is part of a larger codebase, consider importing or re-exporting the \`Animal\` interface from a central location, such as an \`index.ts\` file. This practice can make it easier for developers to find interfaces and minimizes potential issues that can arise when making modifications. The example below assumes a \`src/animals\` folder structure:

— animals
| — index.ts
| — animal.ts

*src/animals/index.ts*
\`\`\`typescript
export * from './animal'
\`\`\`
*src/animals/animal.ts*
\`\`\`typescript
import { type Animal as BaseAnimal } from './baseAnimal'

export interface Animal extends BaseAnimal {}
\`\`\`

Overall, the provided code looks clean and well-designed, following sound design principles. However, by incorporating the listed suggestions, the code can be made more robust, explicit, and maintainable."
`;

exports[`Agent > Commands > commands/test 1`] = `
"Based on the provided code context, the codebase is written in TypeScript and uses the Vitest test framework. I will generate a set of unit tests for the \`Animal\` interface in \`src/animal.ts\`.

Importing the necessary modules:
\`\`\`typescript
import { expect, describe, it } from 'vitest'
import { Animal } from './animal'
\`\`\`
Unit tests for \`src/animal.ts\`:
\`\`\`typescript
describe('Animal', () => {
  let animal: Animal

  // Define a base animal with required properties
  beforeEach(() => {
    animal = {
      name: 'Cat',
      makeAnimalSound: () => 'Meow',
      isMammal: true,
    }
  })

  it('should have a name property of string type', () => {
    expect(animal.name).toBeTypeOf('string')
  })

  it('should have a makeAnimalSound function that returns a string', () => {
    expect(typeof animal.makeAnimalSound()).toBe('string')
  })

  it('should have an isMammal property of boolean type', () => {
    expect(animal.isMammal).toBeTypeOf('boolean')
  })

  it('should return correct animal sound', () => {
    expect(animal.makeAnimalSound()).toBe('Meow')
  })

  it('should only return true for isMammal', () => {
    expect(animal.isMammal).toBe(true)
  })
})
\`\`\`
These tests cover the expected functionality of the \`Animal\` interface by asserting the types and behavior of all its properties. The tests include \`beforeEach\` to set up a base animal for each test. There are no limitations to this test suite, as all required properties are defined in the \`Animal\` interface.

Full completed code block:
\`\`\`typescript
\`\`\`typescript
import { expect, describe, it } from 'vitest'
import { Animal } from './animal'

describe('Animal', () => {
  let animal: Animal

  // Define a base animal with required properties
  beforeEach(() => {
    animal = {
      name: 'Cat',
      makeAnimalSound: () => 'Meow',
      isMammal: true,
    }
  })

  it('should have a name property of string type', () => {
    expect(animal.name).toBeTypeOf('string')
  })

  it('should have a makeAnimalSound function that returns a string', () => {
    expect(typeof animal.makeAnimalSound()).toBe('string')
  })

  it('should have an isMammal property of boolean type', () => {
    expect(animal.isMammal).toBeTypeOf('boolean')
  })

  it('should return correct animal sound', () => {
    expect(animal.makeAnimalSound()).toBe('Meow')
  })

  it('should only return true for isMammal', () => {
    expect(animal.isMammal).toBe(true)
  })
})
\`\`\`
\`\`\`sql

The given typescript file seems to have been truncated. Since the closing brace } is missing, the provided description of the file path might be incomplete. Please ensure that the code is complete."
`;
