// Vitest Snapshot v1, https://vitest.dev/guide/snapshot.html

exports[`Agent > Chat > chat/submitMessage (long message) 1`] = `
"I'll create a simple Hello World function in Java for you.

\`\`\`java:src/HelloWorld.java
public class HelloWorld {
    public static void main(String[] args) {
        System.out.println("Hello, World!");
    }
}
\`\`\`

To compile and run this Java program, use these commands:

\`\`\`bash
javac src/HelloWorld.java
\`\`\`

\`\`\`bash
java -cp src HelloWorld
\`\`\`

This will output "Hello, World!" to the console. The code follows standard Java conventions with a main method inside a public class. It's clean, straightforward, and ready to use."
`;

exports[`Agent > Chat > chat/submitMessage (short message) 1`] = `
{
  "model": "anthropic::2024-10-22::claude-3-5-sonnet-latest",
  "speaker": "assistant",
  "text": "Hi there! Great to meet you! I'm Cody, ready to help you with any coding or technical questions you have. What would you like to work on?",
}
`;

exports[`Agent > Chat > chat/submitMessage (with mock context) 1`] = `
"\`\`\`typescript:src/dog.ts
export class Dog implements Animal {
    name: string;
    isMammal = true;

    constructor(name: string) {
        this.name = name;
    }

    makeAnimalSound(): string {
        return "Woof!";
    }
}
\`\`\`"
`;

exports[`Agent > Commands > commands/explain 1`] = `
"The code you've shared is an interface definition for a type called "Animal" in TypeScript. An interface is a blueprint for an object, describing what properties and methods it should have.

The Animal interface has three properties:

1. \`name\`: a string representing the name of the animal.
2. \`makeAnimalSound\`: a method that returns a string representing the sound the animal makes.
3. \`isMammal\`: a boolean indicating whether the animal is a mammal or not.

The purpose of this code is to define a contract for any object that wants to be treated as an Animal. Any object that implements this interface must have a \`name\` property, a \`makeAnimalSound\` method, and an \`isMammal\` property.

The input to the \`makeAnimalSound\` method is not explicitly defined in the code you've shared, but it's likely that the method would use some internal state or property of the object to generate the sound.

The output of the \`makeAnimalSound\` method is a string representing the sound the animal makes.

The \`isMammal\` property is a boolean, so it can either be \`true\` or \`false\`.

To achieve its purpose, this code uses the TypeScript syntax for defining interfaces. The \`export\` keyword in front of the \`interface\` keyword makes the Animal interface available for use in other modules.

The logic and algorithm of this code are quite simple. It defines a contract for an object to be treated as an Animal, and specifies the properties and methods that the object must have.

The important logic flow in this code is the definition of the \`makeAnimalSound\` method. This method is likely to be implemented differently for each animal, depending on the specific sound that the animal makes.

In summary, the Animal interface defines a contract for an object to be treated as an animal, specifying the properties and methods that the object must have. The \`makeAnimalSound\` method is a key part of this contract, allowing each animal to make its own unique sound."
`;

exports[`Agent > Commands > commands/smell 1`] = `
"Based on the provided code, here are some suggestions for improvement:

1. Add type annotations to the \`makeAnimalSound\` method to improve type safety and make it clear that it returns a string.

Potential benefit: Improved type safety and readability.

\`\`\`typescript
makeAnimalSound(): string {
    // ...
}
\`\`\`

2. Consider adding a constructor function to initialize the \`Animal\` interface properties. This would make it clearer how instances of \`Animal\` should be created and what properties they should have.

Potential benefit: Improved readability and maintainability.

\`\`\`typescript
export interface Animal {
    constructor(name: string, isMammal: boolean)
    name: string
    makeAnimalSound(): string
    isMammal: boolean
}
\`\`\`

3. Add a \`readonly\` modifier to the \`name\` and \`isMammal\` properties to make it clear that they should not be modified after an \`Animal\` instance is created.

Potential benefit: Improved code readability and maintainability.

\`\`\`typescript
export interface Animal {
    constructor(name: string, isMammal: boolean)
    readonly name: string
    makeAnimalSound(): string
    readonly isMammal: boolean
}
\`\`\`

4. Consider adding a docstring to the \`Animal\` interface to provide more context and usage examples for developers who are using this code.

Potential benefit: Improved code readability and maintainability.

\`\`\`typescript
/**
 * An interface representing an animal.
 */
export interface Animal {
    // ...
}
\`\`\`

5. Consider adding a type constraint to the \`Animal\` interface to ensure that it can only be implemented by classes that extend a specific base class or implement a specific interface.

Potential benefit: Improved code readability and maintainability.

\`\`\`typescript
export interface Animal extends LivingBeing {
    // ...
}
\`\`\`

Overall, the code appears to be well-written and follows good design principles. However, implementing the above suggestions could make it even more robust, efficient, and aligned with best practices."
`;
